// Jest Snapshot v1, https://jestjs.io/docs/snapshot-testing

exports[`Spacecrafts Render Correctly: spacecrafts-page 1`] = `
<DocumentFragment>
  <div>
    <h2>
      🚀 All Spacecrafts
    </h2>
    <p>
      <a
        href="/spacecrafts/build"
      >
        🛠️ Build New Spacecraft
      </a>
    </p>
    <ul>
      <li>
        <p>
          ⏳Loading...⌛
        </p>
      </li>
    </ul>
  </div>
</DocumentFragment>
`;
